// Jest Snapshot v1, https://goo.gl/fbAQLP

exports[`rn textile state functions startup sequence 1`] = `undefined`;
